Archive member included because of file (symbol)

C:\Marmalade\7.4.2\s3e\edk\lib\android/libedk.a(IwDebug.o)
                              debug\s3eAndroidController_platform.os (IwDebugTraceIsChannelOn)
C:\Marmalade\7.4.2\s3e\edk\lib\android/libedk.a(edk_helpers.o)
                              debug\s3eAndroidController_platform.os (s3eEdkThreadRunOnOS)
c:/android/android-ndk-r9d/toolchains/arm-linux-androideabi-4.8/prebuilt/windows/bin/../lib/gcc/arm-linux-androideabi/4.8/libgcc.a(_aeabi_ldivmod.o)
                              C:\Marmalade\7.4.2\s3e\edk\lib\android/libedk.a(IwDebug.o) (__aeabi_ldivmod)
c:/android/android-ndk-r9d/toolchains/arm-linux-androideabi-4.8/prebuilt/windows/bin/../lib/gcc/arm-linux-androideabi/4.8/libgcc.a(_dvmd_lnx.o)
                              c:/android/android-ndk-r9d/toolchains/arm-linux-androideabi-4.8/prebuilt/windows/bin/../lib/gcc/arm-linux-androideabi/4.8/libgcc.a(_aeabi_ldivmod.o) (__aeabi_ldiv0)
c:/android/android-ndk-r9d/toolchains/arm-linux-androideabi-4.8/prebuilt/windows/bin/../lib/gcc/arm-linux-androideabi/4.8/libgcc.a(bpabi.o)
                              c:/android/android-ndk-r9d/toolchains/arm-linux-androideabi-4.8/prebuilt/windows/bin/../lib/gcc/arm-linux-androideabi/4.8/libgcc.a(_aeabi_ldivmod.o) (__gnu_ldivmod_helper)
c:/android/android-ndk-r9d/toolchains/arm-linux-androideabi-4.8/prebuilt/windows/bin/../lib/gcc/arm-linux-androideabi/4.8/libgcc.a(unwind-arm.o)
                              c:/android/android-ndk-r9d/toolchains/arm-linux-androideabi-4.8/prebuilt/windows/bin/../lib/gcc/arm-linux-androideabi/4.8/libgcc.a(bpabi.o) (__aeabi_unwind_cpp_pr0)
c:/android/android-ndk-r9d/toolchains/arm-linux-androideabi-4.8/prebuilt/windows/bin/../lib/gcc/arm-linux-androideabi/4.8/libgcc.a(libunwind.o)
                              c:/android/android-ndk-r9d/toolchains/arm-linux-androideabi-4.8/prebuilt/windows/bin/../lib/gcc/arm-linux-androideabi/4.8/libgcc.a(unwind-arm.o) (restore_core_regs)
c:/android/android-ndk-r9d/toolchains/arm-linux-androideabi-4.8/prebuilt/windows/bin/../lib/gcc/arm-linux-androideabi/4.8/libgcc.a(pr-support.o)
                              c:/android/android-ndk-r9d/toolchains/arm-linux-androideabi-4.8/prebuilt/windows/bin/../lib/gcc/arm-linux-androideabi/4.8/libgcc.a(unwind-arm.o) (__gnu_unwind_execute)
c:/android/android-ndk-r9d/toolchains/arm-linux-androideabi-4.8/prebuilt/windows/bin/../lib/gcc/arm-linux-androideabi/4.8/libgcc.a(_divdi3.o)
                              c:/android/android-ndk-r9d/toolchains/arm-linux-androideabi-4.8/prebuilt/windows/bin/../lib/gcc/arm-linux-androideabi/4.8/libgcc.a(bpabi.o) (__divdi3)
c:/android/android-ndk-r9d/toolchains/arm-linux-androideabi-4.8/prebuilt/windows/bin/../lib/gcc/arm-linux-androideabi/4.8/libgcc.a(_udivdi3.o)
                              c:/android/android-ndk-r9d/toolchains/arm-linux-androideabi-4.8/prebuilt/windows/bin/../lib/gcc/arm-linux-androideabi/4.8/libgcc.a(bpabi.o) (__udivdi3)
c:/android/android-ndk-r9d/toolchains/arm-linux-androideabi-4.8/prebuilt/windows/bin/../lib/gcc/arm-linux-androideabi/4.8/libgcc.a(_udivsi3.o)
                              c:/android/android-ndk-r9d/toolchains/arm-linux-androideabi-4.8/prebuilt/windows/bin/../lib/gcc/arm-linux-androideabi/4.8/libgcc.a(_divdi3.o) (__aeabi_uidiv)

Discarded input sections

 .text          0x00000000       0x14 C:/Android/android-ndk-r9d/platforms/android-14/arch-arm/usr/lib/crtbegin_so.o
 .bss           0x00000000        0x0 C:/Android/android-ndk-r9d/platforms/android-14/arch-arm/usr/lib/crtbegin_so.o
 .note.GNU-stack
                0x00000000        0x0 C:/Android/android-ndk-r9d/platforms/android-14/arch-arm/usr/lib/crtbegin_so.o
 .group         0x00000000        0x8 debug\s3eAndroidController_platform.os
 .group         0x00000000        0x8 debug\s3eAndroidController_platform.os
 .group         0x00000000        0x8 debug\s3eAndroidController_platform.os
 .group         0x00000000        0x8 debug\s3eAndroidController_platform.os
 .group         0x00000000        0x8 debug\s3eAndroidController_platform.os
 .group         0x00000000        0x8 debug\s3eAndroidController_platform.os
 .group         0x00000000        0x8 debug\s3eAndroidController_platform.os
 .group         0x00000000        0x8 debug\s3eAndroidController_platform.os
 .group         0x00000000        0x8 debug\s3eAndroidController_platform.os
 .group         0x00000000        0x8 debug\s3eAndroidController_platform.os
 .group         0x00000000        0x8 debug\s3eAndroidController_platform.os
 .group         0x00000000        0x8 debug\s3eAndroidController_platform.os
 .group         0x00000000        0x8 debug\s3eAndroidController_platform.os
 .group         0x00000000        0x8 debug\s3eAndroidController_platform.os
 .group         0x00000000        0x8 debug\s3eAndroidController_platform.os
 .group         0x00000000        0x8 debug\s3eAndroidController_platform.os
 .text          0x00000000        0x0 debug\s3eAndroidController_platform.os
 .data          0x00000000        0x0 debug\s3eAndroidController_platform.os
 .note.GNU-stack
                0x00000000        0x0 debug\s3eAndroidController_platform.os
 .text          0x00000000        0x0 debug\s3eAndroidController.os
 .data          0x00000000        0x0 debug\s3eAndroidController.os
 .bss           0x00000000        0x0 debug\s3eAndroidController.os
 .data.rel.ro.local
                0x00000000       0x54 debug\s3eAndroidController.os
 .note.GNU-stack
                0x00000000        0x0 debug\s3eAndroidController.os
 .text          0x00000000        0x0 debug\s3eAndroidController_register.os
 .data          0x00000000        0x0 debug\s3eAndroidController_register.os
 .bss           0x00000000        0x0 debug\s3eAndroidController_register.os
 .note.GNU-stack
                0x00000000        0x0 debug\s3eAndroidController_register.os
 .text          0x00000000        0x0 C:\Marmalade\7.4.2\s3e\edk\lib\android/libedk.a(IwDebug.o)
 .data          0x00000000        0x0 C:\Marmalade\7.4.2\s3e\edk\lib\android/libedk.a(IwDebug.o)
 .text.IwDebugClearConfigCache
                0x00000000       0x80 C:\Marmalade\7.4.2\s3e\edk\lib\android/libedk.a(IwDebug.o)
 .text.IwDebugAssertIsChannelOn
                0x00000000      0x1ec C:\Marmalade\7.4.2\s3e\edk\lib\android/libedk.a(IwDebug.o)
 .text.IwDebugAssertShow
                0x00000000      0x2e8 C:\Marmalade\7.4.2\s3e\edk\lib\android/libedk.a(IwDebug.o)
 .text.IwDebugAssertSetSolution
                0x00000000       0xb8 C:\Marmalade\7.4.2\s3e\edk\lib\android/libedk.a(IwDebug.o)
 .text.IwDebugAssertSetMessage
                0x00000000      0x100 C:\Marmalade\7.4.2\s3e\edk\lib\android/libedk.a(IwDebug.o)
 .text.IwAssertRegisterTextCallback
                0x00000000       0x1c C:\Marmalade\7.4.2\s3e\edk\lib\android/libedk.a(IwDebug.o)
 .text.IwAssertRegisterCallback
                0x00000000       0x1c C:\Marmalade\7.4.2\s3e\edk\lib\android/libedk.a(IwDebug.o)
 .text.IwDebugTraceDisable
                0x00000000       0x10 C:\Marmalade\7.4.2\s3e\edk\lib\android/libedk.a(IwDebug.o)
 .text.IwDebugTraceChannelSwitch
                0x00000000      0x1e4 C:\Marmalade\7.4.2\s3e\edk\lib\android/libedk.a(IwDebug.o)
 .text.IwDebugErrorRegisterCallback
                0x00000000       0x1c C:\Marmalade\7.4.2\s3e\edk\lib\android/libedk.a(IwDebug.o)
 .text.IwDebugErrorShow
                0x00000000      0x108 C:\Marmalade\7.4.2\s3e\edk\lib\android/libedk.a(IwDebug.o)
 .text.IwDebugAssertSetUID
                0x00000000       0x14 C:\Marmalade\7.4.2\s3e\edk\lib\android/libedk.a(IwDebug.o)
 .note.GNU-stack
                0x00000000        0x0 C:\Marmalade\7.4.2\s3e\edk\lib\android/libedk.a(IwDebug.o)
 .text          0x00000000        0x0 C:\Marmalade\7.4.2\s3e\edk\lib\android/libedk.a(edk_helpers.o)
 .data          0x00000000        0x0 C:\Marmalade\7.4.2\s3e\edk\lib\android/libedk.a(edk_helpers.o)
 .bss           0x00000000        0x0 C:\Marmalade\7.4.2\s3e\edk\lib\android/libedk.a(edk_helpers.o)
 .text.s3eEdkErrorSetString
                0x00000000       0x30 C:\Marmalade\7.4.2\s3e\edk\lib\android/libedk.a(edk_helpers.o)
 .text.s3eEdkThreadRunOnOSAsync
                0x00000000       0x30 C:\Marmalade\7.4.2\s3e\edk\lib\android/libedk.a(edk_helpers.o)
 .note.GNU-stack
                0x00000000        0x0 C:\Marmalade\7.4.2\s3e\edk\lib\android/libedk.a(edk_helpers.o)
 .data          0x00000000        0x0 c:/android/android-ndk-r9d/toolchains/arm-linux-androideabi-4.8/prebuilt/windows/bin/../lib/gcc/arm-linux-androideabi/4.8/libgcc.a(_aeabi_ldivmod.o)
 .bss           0x00000000        0x0 c:/android/android-ndk-r9d/toolchains/arm-linux-androideabi-4.8/prebuilt/windows/bin/../lib/gcc/arm-linux-androideabi/4.8/libgcc.a(_aeabi_ldivmod.o)
 .note.GNU-stack
                0x00000000        0x0 c:/android/android-ndk-r9d/toolchains/arm-linux-androideabi-4.8/prebuilt/windows/bin/../lib/gcc/arm-linux-androideabi/4.8/libgcc.a(_aeabi_ldivmod.o)
 .data          0x00000000        0x0 c:/android/android-ndk-r9d/toolchains/arm-linux-androideabi-4.8/prebuilt/windows/bin/../lib/gcc/arm-linux-androideabi/4.8/libgcc.a(_dvmd_lnx.o)
 .bss           0x00000000        0x0 c:/android/android-ndk-r9d/toolchains/arm-linux-androideabi-4.8/prebuilt/windows/bin/../lib/gcc/arm-linux-androideabi/4.8/libgcc.a(_dvmd_lnx.o)
 .note.GNU-stack
                0x00000000        0x0 c:/android/android-ndk-r9d/toolchains/arm-linux-androideabi-4.8/prebuilt/windows/bin/../lib/gcc/arm-linux-androideabi/4.8/libgcc.a(_dvmd_lnx.o)
 .data          0x00000000        0x0 c:/android/android-ndk-r9d/toolchains/arm-linux-androideabi-4.8/prebuilt/windows/bin/../lib/gcc/arm-linux-androideabi/4.8/libgcc.a(bpabi.o)
 .bss           0x00000000        0x0 c:/android/android-ndk-r9d/toolchains/arm-linux-androideabi-4.8/prebuilt/windows/bin/../lib/gcc/arm-linux-androideabi/4.8/libgcc.a(bpabi.o)
 .ARM.extab     0x00000000        0x0 c:/android/android-ndk-r9d/toolchains/arm-linux-androideabi-4.8/prebuilt/windows/bin/../lib/gcc/arm-linux-androideabi/4.8/libgcc.a(bpabi.o)
 .note.GNU-stack
                0x00000000        0x0 c:/android/android-ndk-r9d/toolchains/arm-linux-androideabi-4.8/prebuilt/windows/bin/../lib/gcc/arm-linux-androideabi/4.8/libgcc.a(bpabi.o)
 .data          0x00000000        0x0 c:/android/android-ndk-r9d/toolchains/arm-linux-androideabi-4.8/prebuilt/windows/bin/../lib/gcc/arm-linux-androideabi/4.8/libgcc.a(unwind-arm.o)
 .bss           0x00000000        0x0 c:/android/android-ndk-r9d/toolchains/arm-linux-androideabi-4.8/prebuilt/windows/bin/../lib/gcc/arm-linux-androideabi/4.8/libgcc.a(unwind-arm.o)
 .note.GNU-stack
                0x00000000        0x0 c:/android/android-ndk-r9d/toolchains/arm-linux-androideabi-4.8/prebuilt/windows/bin/../lib/gcc/arm-linux-androideabi/4.8/libgcc.a(unwind-arm.o)
 .data          0x00000000        0x0 c:/android/android-ndk-r9d/toolchains/arm-linux-androideabi-4.8/prebuilt/windows/bin/../lib/gcc/arm-linux-androideabi/4.8/libgcc.a(libunwind.o)
 .bss           0x00000000        0x0 c:/android/android-ndk-r9d/toolchains/arm-linux-androideabi-4.8/prebuilt/windows/bin/../lib/gcc/arm-linux-androideabi/4.8/libgcc.a(libunwind.o)
 .note.GNU-stack
                0x00000000        0x0 c:/android/android-ndk-r9d/toolchains/arm-linux-androideabi-4.8/prebuilt/windows/bin/../lib/gcc/arm-linux-androideabi/4.8/libgcc.a(libunwind.o)
 .data          0x00000000        0x0 c:/android/android-ndk-r9d/toolchains/arm-linux-androideabi-4.8/prebuilt/windows/bin/../lib/gcc/arm-linux-androideabi/4.8/libgcc.a(pr-support.o)
 .bss           0x00000000        0x0 c:/android/android-ndk-r9d/toolchains/arm-linux-androideabi-4.8/prebuilt/windows/bin/../lib/gcc/arm-linux-androideabi/4.8/libgcc.a(pr-support.o)
 .note.GNU-stack
                0x00000000        0x0 c:/android/android-ndk-r9d/toolchains/arm-linux-androideabi-4.8/prebuilt/windows/bin/../lib/gcc/arm-linux-androideabi/4.8/libgcc.a(pr-support.o)
 .data          0x00000000        0x0 c:/android/android-ndk-r9d/toolchains/arm-linux-androideabi-4.8/prebuilt/windows/bin/../lib/gcc/arm-linux-androideabi/4.8/libgcc.a(_divdi3.o)
 .bss           0x00000000        0x0 c:/android/android-ndk-r9d/toolchains/arm-linux-androideabi-4.8/prebuilt/windows/bin/../lib/gcc/arm-linux-androideabi/4.8/libgcc.a(_divdi3.o)
 .ARM.extab     0x00000000        0x0 c:/android/android-ndk-r9d/toolchains/arm-linux-androideabi-4.8/prebuilt/windows/bin/../lib/gcc/arm-linux-androideabi/4.8/libgcc.a(_divdi3.o)
 .note.GNU-stack
                0x00000000        0x0 c:/android/android-ndk-r9d/toolchains/arm-linux-androideabi-4.8/prebuilt/windows/bin/../lib/gcc/arm-linux-androideabi/4.8/libgcc.a(_divdi3.o)
 .data          0x00000000        0x0 c:/android/android-ndk-r9d/toolchains/arm-linux-androideabi-4.8/prebuilt/windows/bin/../lib/gcc/arm-linux-androideabi/4.8/libgcc.a(_udivdi3.o)
 .bss           0x00000000        0x0 c:/android/android-ndk-r9d/toolchains/arm-linux-androideabi-4.8/prebuilt/windows/bin/../lib/gcc/arm-linux-androideabi/4.8/libgcc.a(_udivdi3.o)
 .ARM.extab     0x00000000        0x0 c:/android/android-ndk-r9d/toolchains/arm-linux-androideabi-4.8/prebuilt/windows/bin/../lib/gcc/arm-linux-androideabi/4.8/libgcc.a(_udivdi3.o)
 .note.GNU-stack
                0x00000000        0x0 c:/android/android-ndk-r9d/toolchains/arm-linux-androideabi-4.8/prebuilt/windows/bin/../lib/gcc/arm-linux-androideabi/4.8/libgcc.a(_udivdi3.o)
 .data          0x00000000        0x0 c:/android/android-ndk-r9d/toolchains/arm-linux-androideabi-4.8/prebuilt/windows/bin/../lib/gcc/arm-linux-androideabi/4.8/libgcc.a(_udivsi3.o)
 .bss           0x00000000        0x0 c:/android/android-ndk-r9d/toolchains/arm-linux-androideabi-4.8/prebuilt/windows/bin/../lib/gcc/arm-linux-androideabi/4.8/libgcc.a(_udivsi3.o)
 .note.GNU-stack
                0x00000000        0x0 c:/android/android-ndk-r9d/toolchains/arm-linux-androideabi-4.8/prebuilt/windows/bin/../lib/gcc/arm-linux-androideabi/4.8/libgcc.a(_udivsi3.o)
 .text          0x00000000        0x0 C:/Android/android-ndk-r9d/platforms/android-14/arch-arm/usr/lib/crtend_so.o
 .data          0x00000000        0x0 C:/Android/android-ndk-r9d/platforms/android-14/arch-arm/usr/lib/crtend_so.o
 .bss           0x00000000        0x0 C:/Android/android-ndk-r9d/platforms/android-14/arch-arm/usr/lib/crtend_so.o
 .note.GNU-stack
                0x00000000        0x0 C:/Android/android-ndk-r9d/platforms/android-14/arch-arm/usr/lib/crtend_so.o

Memory map

 ** file header
                0x00000000       0x34
 ** segment headers
                0x00000034      0x100

.interp         0x00000134       0x13
 ** fill        0x00000134       0x13

.dynsym         0x00000148      0x5b0
 ** dynsym      0x00000148      0x5b0

.dynstr         0x000006f8      0x6c1
 ** string table
                0x000006f8      0x6c1

.hash           0x00000dbc      0x280
 ** hash        0x00000dbc      0x280

.rel.dyn        0x0000103c       0xb0
 ** dynamic relocs
                0x0000103c       0xb0

.rel.plt        0x000010ec       0xc8
 ** dynamic relocs
                0x000010ec       0xc8

.plt            0x000011b4      0x140
 ** PLT         0x000011b4      0x140

.text           0x000012f4     0x3914
 .text.exit     0x000012f4       0x10 C:/Android/android-ndk-r9d/platforms/android-14/arch-arm/usr/lib/crtbegin_so.o
                0x000012f4                __on_dlclose
 .text.startup._GLOBAL__sub_I_IwDebug.cpp
                0x00001304       0x88 C:\Marmalade\7.4.2\s3e\edk\lib\android/libedk.a(IwDebug.o)
 .text._ZN7_JNIEnv9FindClassEPKc
                0x0000138c       0x38 debug\s3eAndroidController_platform.os
                0x0000138c                _JNIEnv::FindClass(char const*)
 .text._ZN7_JNIEnv17ExceptionOccurredEv
                0x000013c4       0x30 debug\s3eAndroidController_platform.os
                0x000013c4                _JNIEnv::ExceptionOccurred()
 .text._ZN7_JNIEnv17ExceptionDescribeEv
                0x000013f4       0x28 debug\s3eAndroidController_platform.os
                0x000013f4                _JNIEnv::ExceptionDescribe()
 .text._ZN7_JNIEnv14ExceptionClearEv
                0x0000141c       0x28 debug\s3eAndroidController_platform.os
                0x0000141c                _JNIEnv::ExceptionClear()
 .text._ZN7_JNIEnv12NewGlobalRefEP8_jobject
                0x00001444       0x38 debug\s3eAndroidController_platform.os
                0x00001444                _JNIEnv::NewGlobalRef(_jobject*)
 .text._ZN7_JNIEnv15DeleteGlobalRefEP8_jobject
                0x0000147c       0x30 debug\s3eAndroidController_platform.os
                0x0000147c                _JNIEnv::DeleteGlobalRef(_jobject*)
 .text._ZN7_JNIEnv14DeleteLocalRefEP8_jobject
                0x000014ac       0x30 debug\s3eAndroidController_platform.os
                0x000014ac                _JNIEnv::DeleteLocalRef(_jobject*)
 .text._ZN7_JNIEnv9NewObjectEP7_jclassP10_jmethodIDz
                0x000014dc       0x58 debug\s3eAndroidController_platform.os
                0x000014dc                _JNIEnv::NewObject(_jclass*, _jmethodID*, ...)
 .text._ZN7_JNIEnv11GetMethodIDEP7_jclassPKcS3_
                0x00001534       0x48 debug\s3eAndroidController_platform.os
                0x00001534                _JNIEnv::GetMethodID(_jclass*, char const*, char const*)
 .text._ZN7_JNIEnv17CallBooleanMethodEP8_jobjectP10_jmethodIDz
                0x0000157c       0x5c debug\s3eAndroidController_platform.os
                0x0000157c                _JNIEnv::CallBooleanMethod(_jobject*, _jmethodID*, ...)
 .text._ZN7_JNIEnv13CallIntMethodEP8_jobjectP10_jmethodIDz
                0x000015d8       0x58 debug\s3eAndroidController_platform.os
                0x000015d8                _JNIEnv::CallIntMethod(_jobject*, _jmethodID*, ...)
 .text._ZN7_JNIEnv15CallFloatMethodEP8_jobjectP10_jmethodIDz
                0x00001630       0x58 debug\s3eAndroidController_platform.os
                0x00001630                _JNIEnv::CallFloatMethod(_jobject*, _jmethodID*, ...)
 .text._ZN7_JNIEnv14CallVoidMethodEP8_jobjectP10_jmethodIDz
                0x00001688       0x4c debug\s3eAndroidController_platform.os
                0x00001688                _JNIEnv::CallVoidMethod(_jobject*, _jmethodID*, ...)
 .text._ZN7_JNIEnv23CallStaticBooleanMethodEP7_jclassP10_jmethodIDz
                0x000016d4       0x5c debug\s3eAndroidController_platform.os
                0x000016d4                _JNIEnv::CallStaticBooleanMethod(_jclass*, _jmethodID*, ...)
 .text._ZN7_JNIEnv15RegisterNativesEP7_jclassPK15JNINativeMethodi
                0x00001730       0x48 debug\s3eAndroidController_platform.os
                0x00001730                _JNIEnv::RegisterNatives(_jclass*, JNINativeMethod const*, int)
 .text._ZN7_JavaVM6GetEnvEPPvi
                0x00001778       0x40 debug\s3eAndroidController_platform.os
                0x00001778                _JavaVM::GetEnv(void**, int)
 .text._ZL15s3eEdkJNIGetEnvv
                0x000017b8       0x40 debug\s3eAndroidController_platform.os
 .text._ZL27s3eEdkAndroidFindClass_realPKc
                0x000017f8       0x8c debug\s3eAndroidController_platform.os
 .text._ZL22s3eEdkAndroidFindClassPKc
                0x00001884       0x38 debug\s3eAndroidController_platform.os
 .text._Z21native_buttonCallbackP7_JNIEnvP8_jobjectii
                0x000018bc       0xd8 debug\s3eAndroidController_platform.os
                0x000018bc                native_buttonCallback(_JNIEnv*, _jobject*, int, int)
 .text._Z33s3eAndroidControllerInit_platformv
                0x00001994      0x5a0 debug\s3eAndroidController_platform.os
                0x00001994                s3eAndroidControllerInit_platform()
 .text._Z38s3eAndroidControllerTerminate_platformv
                0x00001f34        0x4 debug\s3eAndroidController_platform.os
                0x00001f34                s3eAndroidControllerTerminate_platform()
 .text._Z39s3eAndroidControllerStartFrame_platformv
                0x00001f38       0x48 debug\s3eAndroidController_platform.os
                0x00001f38                s3eAndroidControllerStartFrame_platform()
 .text._Z53s3eAndroidControllerSelectControllerByPlayer_platformi
                0x00001f80       0x68 debug\s3eAndroidController_platform.os
                0x00001f80                s3eAndroidControllerSelectControllerByPlayer_platform(int)
 .text._Z43s3eAndroidControllerGetPlayerCount_platformv
                0x00001fe8       0x50 debug\s3eAndroidController_platform.os
                0x00001fe8                s3eAndroidControllerGetPlayerCount_platform()
 .text._Z43s3eAndroidControllerGetButtonState_platformi
                0x00002038       0x68 debug\s3eAndroidController_platform.os
                0x00002038                s3eAndroidControllerGetButtonState_platform(int)
 .text._Z41s3eAndroidControllerGetAxisValue_platformi
                0x000020a0       0x58 debug\s3eAndroidController_platform.os
                0x000020a0                s3eAndroidControllerGetAxisValue_platform(int)
 .text._Z58s3eAndroidControllerSetPropagateButtonsToKeyboard_platformb
                0x000020f8       0x4c debug\s3eAndroidController_platform.os
                0x000020f8                s3eAndroidControllerSetPropagateButtonsToKeyboard_platform(bool)
 .text._Z24s3eAndroidControllerInitv
                0x00002144       0x14 debug\s3eAndroidController.os
                0x00002144                s3eAndroidControllerInit()
 .text._Z29s3eAndroidControllerTerminatev
                0x00002158        0xc debug\s3eAndroidController.os
                0x00002158                s3eAndroidControllerTerminate()
 .text.s3eAndroidControllerStartFrame
                0x00002164        0xc debug\s3eAndroidController.os
                0x00002164                s3eAndroidControllerStartFrame
 .text.s3eAndroidControllerSelectControllerByPlayer
                0x00002170       0x24 debug\s3eAndroidController.os
                0x00002170                s3eAndroidControllerSelectControllerByPlayer
 .text.s3eAndroidControllerGetPlayerCount
                0x00002194       0x14 debug\s3eAndroidController.os
                0x00002194                s3eAndroidControllerGetPlayerCount
 .text.s3eAndroidControllerGetButtonState
                0x000021a8       0x24 debug\s3eAndroidController.os
                0x000021a8                s3eAndroidControllerGetButtonState
 .text.s3eAndroidControllerGetAxisValue
                0x000021cc       0x24 debug\s3eAndroidController.os
                0x000021cc                s3eAndroidControllerGetAxisValue
 .text.s3eAndroidControllerGetButtonDisplayName
                0x000021f0      0x310 debug\s3eAndroidController.os
                0x000021f0                s3eAndroidControllerGetButtonDisplayName
 .text.s3eAndroidControllerGetAxisDisplayName
                0x00002500      0x154 debug\s3eAndroidController.os
                0x00002500                s3eAndroidControllerGetAxisDisplayName
 .text.s3eAndroidControllerSetPropagateButtonsToKeyboard
                0x00002654       0x24 debug\s3eAndroidController.os
                0x00002654                s3eAndroidControllerSetPropagateButtonsToKeyboard
 .text.s3eAndroidControllerRegister
                0x00002678       0x50 debug\s3eAndroidController_register.os
                0x00002678                s3eAndroidControllerRegister
 .text.s3eAndroidControllerUnRegister
                0x000026c8       0x44 debug\s3eAndroidController_register.os
                0x000026c8                s3eAndroidControllerUnRegister
 .text._Z31s3eAndroidControllerRegisterExtv
                0x0000270c      0x180 debug\s3eAndroidController_register.os
                0x0000270c                s3eAndroidControllerRegisterExt()
 .text.RegisterExt
                0x0000288c        0xc debug\s3eAndroidController_register.os
                0x0000288c                RegisterExt
 .text.IwDebugTraceIsChannelOn
                0x00002898      0x27c C:\Marmalade\7.4.2\s3e\edk\lib\android/libedk.a(IwDebug.o)
                0x00002898                IwDebugTraceIsChannelOn
 .text.IwDebugTraceSetTraceChannel
                0x00002b14       0x1c C:\Marmalade\7.4.2\s3e\edk\lib\android/libedk.a(IwDebug.o)
                0x00002b14                IwDebugTraceSetTraceChannel
 .text.IwDebugTraceLineVPrintf
                0x00002b30       0xfc C:\Marmalade\7.4.2\s3e\edk\lib\android/libedk.a(IwDebug.o)
                0x00002b30                IwDebugTraceLineVPrintf
 .text.IwDebugTraceLinePrintf
                0x00002c2c       0x30 C:\Marmalade\7.4.2\s3e\edk\lib\android/libedk.a(IwDebug.o)
                0x00002c2c                IwDebugTraceLinePrintf
 .text.s3eEdkThreadRunOnOS
                0x00002c5c       0x30 C:\Marmalade\7.4.2\s3e\edk\lib\android/libedk.a(edk_helpers.o)
                0x00002c5c                s3eEdkThreadRunOnOS
 .text          0x00002c8c       0x44 c:/android/android-ndk-r9d/toolchains/arm-linux-androideabi-4.8/prebuilt/windows/bin/../lib/gcc/arm-linux-androideabi/4.8/libgcc.a(_aeabi_ldivmod.o)
                0x00002c8c                __aeabi_ldivmod
 .text          0x00002cd0       0x10 c:/android/android-ndk-r9d/toolchains/arm-linux-androideabi-4.8/prebuilt/windows/bin/../lib/gcc/arm-linux-androideabi/4.8/libgcc.a(_dvmd_lnx.o)
                0x00002cd0                __aeabi_idiv0
                0x00002cd0                __aeabi_ldiv0
 .text          0x00002ce0       0x78 c:/android/android-ndk-r9d/toolchains/arm-linux-androideabi-4.8/prebuilt/windows/bin/../lib/gcc/arm-linux-androideabi/4.8/libgcc.a(bpabi.o)
                0x00002ce0                __gnu_ldivmod_helper
                0x00002d1c                __gnu_uldivmod_helper
 .text          0x00002d58      0xf20 c:/android/android-ndk-r9d/toolchains/arm-linux-androideabi-4.8/prebuilt/windows/bin/../lib/gcc/arm-linux-androideabi/4.8/libgcc.a(unwind-arm.o)
                0x00003908                __aeabi_unwind_cpp_pr0
                0x00003910                __aeabi_unwind_cpp_pr1
                0x00003918                __aeabi_unwind_cpp_pr2
                0x0000319c                _Unwind_GetCFA
                0x000031a4                __gnu_Unwind_RaiseException
                0x00003248                __gnu_Unwind_ForcedUnwind
                0x00003264                __gnu_Unwind_Resume
                0x000032d8                __gnu_Unwind_Resume_or_Rethrow
                0x000032f8                _Unwind_Complete
                0x000032fc                _Unwind_DeleteException
                0x0000331c                _Unwind_VRS_Get
                0x000033a0                _Unwind_VRS_Set
                0x00003428                __gnu_Unwind_Backtrace
                0x00003920                _Unwind_VRS_Pop
 .text          0x00003c78      0x1a8 c:/android/android-ndk-r9d/toolchains/arm-linux-androideabi-4.8/prebuilt/windows/bin/../lib/gcc/arm-linux-androideabi/4.8/libgcc.a(libunwind.o)
                0x00003c78                __restore_core_regs
                0x00003c78                restore_core_regs
                0x00003c8c                __gnu_Unwind_Restore_VFP
                0x00003c94                __gnu_Unwind_Save_VFP
                0x00003c9c                __gnu_Unwind_Restore_VFP_D
                0x00003ca4                __gnu_Unwind_Save_VFP_D
                0x00003cac                __gnu_Unwind_Restore_VFP_D_16_to_31
                0x00003cb4                __gnu_Unwind_Save_VFP_D_16_to_31
                0x00003cbc                __gnu_Unwind_Restore_WMMXD
                0x00003d00                __gnu_Unwind_Save_WMMXD
                0x00003d44                __gnu_Unwind_Restore_WMMXC
                0x00003d58                __gnu_Unwind_Save_WMMXC
                0x00003d6c                ___Unwind_RaiseException
                0x00003d6c                _Unwind_RaiseException
                0x00003d90                ___Unwind_Resume
                0x00003d90                _Unwind_Resume
                0x00003db4                ___Unwind_Resume_or_Rethrow
                0x00003db4                _Unwind_Resume_or_Rethrow
                0x00003dd8                ___Unwind_ForcedUnwind
                0x00003dd8                _Unwind_ForcedUnwind
                0x00003dfc                ___Unwind_Backtrace
                0x00003dfc                _Unwind_Backtrace
 .text          0x00003e20      0x484 c:/android/android-ndk-r9d/toolchains/arm-linux-androideabi-4.8/prebuilt/windows/bin/../lib/gcc/arm-linux-androideabi/4.8/libgcc.a(pr-support.o)
                0x00003eac                __gnu_unwind_execute
                0x00004228                __gnu_unwind_frame
                0x00004268                _Unwind_GetRegionStart
                0x00004278                _Unwind_GetLanguageSpecificData
                0x00004294                _Unwind_GetDataRelBase
                0x0000429c                _Unwind_GetTextRelBase
 .text          0x000042a4      0x498 c:/android/android-ndk-r9d/toolchains/arm-linux-androideabi-4.8/prebuilt/windows/bin/../lib/gcc/arm-linux-androideabi/4.8/libgcc.a(_divdi3.o)
                0x000042a4                __divdi3
 .text          0x0000473c      0x404 c:/android/android-ndk-r9d/toolchains/arm-linux-androideabi-4.8/prebuilt/windows/bin/../lib/gcc/arm-linux-androideabi/4.8/libgcc.a(_udivdi3.o)
                0x0000473c                __udivdi3
 .text          0xffffffffffffffff       0xc8 c:/android/android-ndk-r9d/toolchains/arm-linux-androideabi-4.8/prebuilt/windows/bin/../lib/gcc/arm-linux-androideabi/4.8/libgcc.a(_udivsi3.o)
                0x00004b40                __udivsi3
                0x00004b40                __aeabi_uidiv
                0x00004be8                __aeabi_uidivmod

.rodata         0x00004c08      0x456
 .rodata        0x00004c08      0x264 debug\s3eAndroidController_platform.os
 .rodata        0x00004e6c       0xc0 debug\s3eAndroidController.os
 .rodata        0x00004f2c       0x18 debug\s3eAndroidController_register.os
 ** merge strings
                0x00004f44      0x11a

.ARM.extab      0x00005060       0x48
 .ARM.extab     0x00005060        0xc c:/android/android-ndk-r9d/toolchains/arm-linux-androideabi-4.8/prebuilt/windows/bin/../lib/gcc/arm-linux-androideabi/4.8/libgcc.a(_dvmd_lnx.o)
 .ARM.extab     0x0000506c        0xc c:/android/android-ndk-r9d/toolchains/arm-linux-androideabi-4.8/prebuilt/windows/bin/../lib/gcc/arm-linux-androideabi/4.8/libgcc.a(unwind-arm.o)
 .ARM.extab     0x00005078       0x30 c:/android/android-ndk-r9d/toolchains/arm-linux-androideabi-4.8/prebuilt/windows/bin/../lib/gcc/arm-linux-androideabi/4.8/libgcc.a(pr-support.o)

.ARM.exidx      0x000050a8      0x128
 .ARM.exidx     0x000050a8        0x8 c:/android/android-ndk-r9d/toolchains/arm-linux-androideabi-4.8/prebuilt/windows/bin/../lib/gcc/arm-linux-androideabi/4.8/libgcc.a(_dvmd_lnx.o)
 .ARM.exidx     0xffffffffffffffff       0x10 c:/android/android-ndk-r9d/toolchains/arm-linux-androideabi-4.8/prebuilt/windows/bin/../lib/gcc/arm-linux-androideabi/4.8/libgcc.a(bpabi.o)
 .ARM.exidx     0xffffffffffffffff       0xd8 c:/android/android-ndk-r9d/toolchains/arm-linux-androideabi-4.8/prebuilt/windows/bin/../lib/gcc/arm-linux-androideabi/4.8/libgcc.a(unwind-arm.o)
 ** ARM cantunwind
                0x00005168        0x8
 .ARM.exidx     0x00005170       0x48 c:/android/android-ndk-r9d/toolchains/arm-linux-androideabi-4.8/prebuilt/windows/bin/../lib/gcc/arm-linux-androideabi/4.8/libgcc.a(pr-support.o)
 .ARM.exidx     0x000051b8        0x8 c:/android/android-ndk-r9d/toolchains/arm-linux-androideabi-4.8/prebuilt/windows/bin/../lib/gcc/arm-linux-androideabi/4.8/libgcc.a(_divdi3.o)
 .ARM.exidx     0x000051c0        0x8 c:/android/android-ndk-r9d/toolchains/arm-linux-androideabi-4.8/prebuilt/windows/bin/../lib/gcc/arm-linux-androideabi/4.8/libgcc.a(_udivdi3.o)
 ** ARM cantunwind
                0x000051c8        0x8

.fini_array     0x00006e50        0x8
 .fini_array    0x00006e50        0x4 C:/Android/android-ndk-r9d/platforms/android-14/arch-arm/usr/lib/crtbegin_so.o
 .fini_array    0x00006e54        0x4 C:/Android/android-ndk-r9d/platforms/android-14/arch-arm/usr/lib/crtend_so.o

.data.rel.ro    0x00006e58        0xc
 .data.rel.ro   0x00006e58        0xc debug\s3eAndroidController_platform.os

.init_array     0x00006e64        0x8
 .init_array    0x00006e64        0x4 C:\Marmalade\7.4.2\s3e\edk\lib\android/libedk.a(IwDebug.o)
 .init_array    0x00006e68        0x4 C:/Android/android-ndk-r9d/platforms/android-14/arch-arm/usr/lib/crtend_so.o

.dynamic        0x00006e6c       0xe0
 ** dynamic     0x00006e6c       0xe0

.got            0x00006f4c       0xb4
 ** GOT         0x00006f4c       0x44
 ** GOT PLT     0x00006f90       0x70

.data           0x00007000        0x4
 .data          0x00007000        0x4 C:/Android/android-ndk-r9d/platforms/android-14/arch-arm/usr/lib/crtbegin_so.o
                0x00007000                __dso_handle

.bss            0x00007004     0x1a48
 .bss           0x00007004       0x20 debug\s3eAndroidController_platform.os
 .bss           0x00007024     0x1a28 C:\Marmalade\7.4.2\s3e\edk\lib\android/libedk.a(IwDebug.o)
                0x00007024                g_DebugGlobals
