Archive member included because of file (symbol)

C:\Marmalade\7.4.2\s3e\edk\lib\android/libedk.a(edk_helpers.o)
                              release\s3eAndroidController_platform.os (s3eEdkThreadRunOnOS)

Discarded input sections

 .text          0x00000000       0x14 C:/Android/android-ndk-r9d/platforms/android-14/arch-arm/usr/lib/crtbegin_so.o
 .bss           0x00000000        0x0 C:/Android/android-ndk-r9d/platforms/android-14/arch-arm/usr/lib/crtbegin_so.o
 .note.GNU-stack
                0x00000000        0x0 C:/Android/android-ndk-r9d/platforms/android-14/arch-arm/usr/lib/crtbegin_so.o
 .group         0x00000000        0x8 release\s3eAndroidController_platform.os
 .group         0x00000000        0x8 release\s3eAndroidController_platform.os
 .group         0x00000000        0x8 release\s3eAndroidController_platform.os
 .group         0x00000000        0x8 release\s3eAndroidController_platform.os
 .group         0x00000000        0x8 release\s3eAndroidController_platform.os
 .text          0x00000000        0x0 release\s3eAndroidController_platform.os
 .data          0x00000000        0x0 release\s3eAndroidController_platform.os
 .note.GNU-stack
                0x00000000        0x0 release\s3eAndroidController_platform.os
 .text          0x00000000        0x0 release\s3eAndroidController.os
 .data          0x00000000        0x0 release\s3eAndroidController.os
 .bss           0x00000000        0x0 release\s3eAndroidController.os
 .note.GNU-stack
                0x00000000        0x0 release\s3eAndroidController.os
 .text          0x00000000        0x0 release\s3eAndroidController_register.os
 .data          0x00000000        0x0 release\s3eAndroidController_register.os
 .bss           0x00000000        0x0 release\s3eAndroidController_register.os
 .text._Z31s3eAndroidControllerRegisterExtv
                0x00000000      0x124 release\s3eAndroidController_register.os
 .note.GNU-stack
                0x00000000        0x0 release\s3eAndroidController_register.os
 .text          0x00000000        0x0 C:\Marmalade\7.4.2\s3e\edk\lib\android/libedk.a(edk_helpers.o)
 .data          0x00000000        0x0 C:\Marmalade\7.4.2\s3e\edk\lib\android/libedk.a(edk_helpers.o)
 .bss           0x00000000        0x0 C:\Marmalade\7.4.2\s3e\edk\lib\android/libedk.a(edk_helpers.o)
 .text.s3eEdkErrorSetString
                0x00000000       0x30 C:\Marmalade\7.4.2\s3e\edk\lib\android/libedk.a(edk_helpers.o)
 .text.s3eEdkThreadRunOnOSAsync
                0x00000000       0x30 C:\Marmalade\7.4.2\s3e\edk\lib\android/libedk.a(edk_helpers.o)
 .note.GNU-stack
                0x00000000        0x0 C:\Marmalade\7.4.2\s3e\edk\lib\android/libedk.a(edk_helpers.o)
 .text          0x00000000        0x0 C:/Android/android-ndk-r9d/platforms/android-14/arch-arm/usr/lib/crtend_so.o
 .data          0x00000000        0x0 C:/Android/android-ndk-r9d/platforms/android-14/arch-arm/usr/lib/crtend_so.o
 .bss           0x00000000        0x0 C:/Android/android-ndk-r9d/platforms/android-14/arch-arm/usr/lib/crtend_so.o
 .note.GNU-stack
                0x00000000        0x0 C:/Android/android-ndk-r9d/platforms/android-14/arch-arm/usr/lib/crtend_so.o

Memory map

 ** file header
                0x00000000       0x34
 ** segment headers
                0x00000034       0xe0

.interp         0x00000114       0x13
 ** fill        0x00000114       0x13

.dynsym         0x00000128      0x100
 ** dynsym      0x00000128      0x100

.dynstr         0x00000228      0x13b
 ** string table
                0x00000228      0x13b

.hash           0x00000364       0x54
 ** hash        0x00000364       0x54

.rel.dyn        0x000003b8       0x70
 ** dynamic relocs
                0x000003b8       0x70

.rel.plt        0x00000428       0x40
 ** dynamic relocs
                0x00000428       0x40

.plt            0x00000468       0x74
 ** PLT         0x00000468       0x74

.text           0x000004dc      0xd08
 .text.exit     0x000004dc       0x10 C:/Android/android-ndk-r9d/platforms/android-14/arch-arm/usr/lib/crtbegin_so.o
                0x000004dc                __on_dlclose
 .text._Z21native_ButtonCallbackP7_JNIEnvP8_jobjectii
                0x000004ec       0x4c release\s3eAndroidController_platform.os
                0x000004ec                native_ButtonCallback(_JNIEnv*, _jobject*, int, int)
 .text._ZL27s3eEdkAndroidFindClass_realPKc
                0x00000538       0xb8 release\s3eAndroidController_platform.os
 .text._ZN7_JNIEnv9NewObjectEP7_jclassP10_jmethodIDz
                0x000005f0       0x38 release\s3eAndroidController_platform.os
                0x000005f0                _JNIEnv::NewObject(_jclass*, _jmethodID*, ...)
 .text._ZN7_JNIEnv17CallBooleanMethodEP8_jobjectP10_jmethodIDz
                0x00000628       0x38 release\s3eAndroidController_platform.os
                0x00000628                _JNIEnv::CallBooleanMethod(_jobject*, _jmethodID*, ...)
 .text._ZN7_JNIEnv13CallIntMethodEP8_jobjectP10_jmethodIDz
                0x00000660       0x38 release\s3eAndroidController_platform.os
                0x00000660                _JNIEnv::CallIntMethod(_jobject*, _jmethodID*, ...)
 .text._ZN7_JNIEnv15CallFloatMethodEP8_jobjectP10_jmethodIDz
                0x00000698       0x38 release\s3eAndroidController_platform.os
                0x00000698                _JNIEnv::CallFloatMethod(_jobject*, _jmethodID*, ...)
 .text._ZN7_JNIEnv14CallVoidMethodEP8_jobjectP10_jmethodIDz
                0x000006d0       0x38 release\s3eAndroidController_platform.os
                0x000006d0                _JNIEnv::CallVoidMethod(_jobject*, _jmethodID*, ...)
 .text._Z33s3eAndroidControllerInit_platformv
                0x00000708      0x2dc release\s3eAndroidController_platform.os
                0x00000708                s3eAndroidControllerInit_platform()
 .text._Z38s3eAndroidControllerTerminate_platformv
                0x000009e4        0x4 release\s3eAndroidController_platform.os
                0x000009e4                s3eAndroidControllerTerminate_platform()
 .text._Z39s3eAndroidControllerStartFrame_platformv
                0x000009e8       0x50 release\s3eAndroidController_platform.os
                0x000009e8                s3eAndroidControllerStartFrame_platform()
 .text._Z53s3eAndroidControllerSelectControllerByPlayer_platformi
                0x00000a38       0x60 release\s3eAndroidController_platform.os
                0x00000a38                s3eAndroidControllerSelectControllerByPlayer_platform(int)
 .text._Z43s3eAndroidControllerGetPlayerCount_platformv
                0x00000a98       0x50 release\s3eAndroidController_platform.os
                0x00000a98                s3eAndroidControllerGetPlayerCount_platform()
 .text._Z43s3eAndroidControllerGetButtonState_platformi
                0x00000ae8       0x60 release\s3eAndroidController_platform.os
                0x00000ae8                s3eAndroidControllerGetButtonState_platform(int)
 .text._Z41s3eAndroidControllerGetAxisValue_platformi
                0x00000b48       0x58 release\s3eAndroidController_platform.os
                0x00000b48                s3eAndroidControllerGetAxisValue_platform(int)
 .text._Z58s3eAndroidControllerSetPropagateButtonsToKeyboard_platformb
                0x00000ba0       0x58 release\s3eAndroidController_platform.os
                0x00000ba0                s3eAndroidControllerSetPropagateButtonsToKeyboard_platform(bool)
 .text._Z24s3eAndroidControllerInitv
                0x00000bf8        0x4 release\s3eAndroidController.os
                0x00000bf8                s3eAndroidControllerInit()
 .text._Z29s3eAndroidControllerTerminatev
                0x00000bfc        0x4 release\s3eAndroidController.os
                0x00000bfc                s3eAndroidControllerTerminate()
 .text.s3eAndroidControllerStartFrame
                0x00000c00        0x4 release\s3eAndroidController.os
                0x00000c00                s3eAndroidControllerStartFrame
 .text.s3eAndroidControllerSelectControllerByPlayer
                0x00000c04        0x4 release\s3eAndroidController.os
                0x00000c04                s3eAndroidControllerSelectControllerByPlayer
 .text.s3eAndroidControllerGetPlayerCount
                0x00000c08        0x4 release\s3eAndroidController.os
                0x00000c08                s3eAndroidControllerGetPlayerCount
 .text.s3eAndroidControllerGetButtonState
                0x00000c0c        0x4 release\s3eAndroidController.os
                0x00000c0c                s3eAndroidControllerGetButtonState
 .text.s3eAndroidControllerGetAxisValue
                0x00000c10        0x4 release\s3eAndroidController.os
                0x00000c10                s3eAndroidControllerGetAxisValue
 .text.s3eAndroidControllerGetButtonDisplayName
                0x00000c14      0x2fc release\s3eAndroidController.os
                0x00000c14                s3eAndroidControllerGetButtonDisplayName
 .text.s3eAndroidControllerGetAxisDisplayName
                0x00000f10      0x11c release\s3eAndroidController.os
                0x00000f10                s3eAndroidControllerGetAxisDisplayName
 .text.s3eAndroidControllerSetPropagateButtonsToKeyboard
                0x0000102c        0x4 release\s3eAndroidController.os
                0x0000102c                s3eAndroidControllerSetPropagateButtonsToKeyboard
 .text.s3eAndroidControllerRegister
                0x00001030       0x30 release\s3eAndroidController_register.os
                0x00001030                s3eAndroidControllerRegister
 .text.s3eAndroidControllerUnRegister
                0x00001060       0x30 release\s3eAndroidController_register.os
                0x00001060                s3eAndroidControllerUnRegister
 .text.RegisterExt
                0x00001090      0x124 release\s3eAndroidController_register.os
                0x00001090                RegisterExt
 .text.s3eEdkThreadRunOnOS
                0xffffffffffffffff       0x30 C:\Marmalade\7.4.2\s3e\edk\lib\android/libedk.a(edk_helpers.o)
                0x000011b4                s3eEdkThreadRunOnOS

.rodata         0x000011e4      0x285
 ** merge strings
                0x000011e4      0x285

.fini_array     0x00002eb4        0x8
 .fini_array    0x00002eb4        0x4 C:/Android/android-ndk-r9d/platforms/android-14/arch-arm/usr/lib/crtbegin_so.o
 .fini_array    0x00002eb8        0x4 C:/Android/android-ndk-r9d/platforms/android-14/arch-arm/usr/lib/crtend_so.o

.data.rel.ro    0x00002ebc        0xc
 .data.rel.ro   0x00002ebc        0xc release\s3eAndroidController_platform.os

.init_array     0x00002ec8        0x4
 .init_array    0x00002ec8        0x4 C:/Android/android-ndk-r9d/platforms/android-14/arch-arm/usr/lib/crtend_so.o

.dynamic        0x00002ecc       0xe0
 ** dynamic     0x00002ecc       0xe0

.got            0x00002fac       0x54
 ** GOT         0x00002fac       0x28
 ** GOT PLT     0x00002fd4       0x2c

.data           0x00003000        0x4
 .data          0x00003000        0x4 C:/Android/android-ndk-r9d/platforms/android-14/arch-arm/usr/lib/crtbegin_so.o
                0x00003000                __dso_handle

.bss            0x00003004       0x1c
 .bss           0x00003004       0x1c release\s3eAndroidController_platform.os
